###############################################################################
#
# IAR ELF Linker V9.70.1.475/W64 for ARM                  20/Feb/2026  18:50:05
# Copyright 2007-2025 IAR Systems AB.
#
#    Output file  =
#        C:\Users\User\Desktop\Активные
#        проекты\CBU_F103\CBU_3_0_BOOTLOADER\EWARM\ЦБУ_слейв МК
#        (2)\Exe\ЦБУ_слейв МК (2).out
#    Map file     =
#        C:\Users\User\Desktop\Активные
#        проекты\CBU_F103\CBU_3_0_BOOTLOADER\EWARM\ЦБУ_слейв МК
#        (2)\List\ЦБУ_слейв МК (2).map
#    Command line =
#        -f "C:\Users\User\Desktop\Активные
#        проекты\CBU_F103\CBU_3_0_BOOTLOADER\EWARM\ЦБУ_слейв МК
#        (2)\Exe\ЦБУ_слейв МК (2).out.rsp" ("C:\Users\User\Desktop\Активные
#        проекты\CBU_F103\CBU_3_0_BOOTLOADER\EWARM\ЦБУ_слейв МК
#        (2)\Obj\Core_13247989168731456611.dir\main.o"
#        "C:\Users\User\Desktop\Активные
#        проекты\CBU_F103\CBU_3_0_BOOTLOADER\EWARM\ЦБУ_слейв МК
#        (2)\Obj\Core_13247989168731456611.dir\mbcrc.o"
#        "C:\Users\User\Desktop\Активные
#        проекты\CBU_F103\CBU_3_0_BOOTLOADER\EWARM\ЦБУ_слейв МК
#        (2)\Obj\EWARM_18443280873093131863.dir\startup_stm32f103xb.o"
#        "C:\Users\User\Desktop\Активные
#        проекты\CBU_F103\CBU_3_0_BOOTLOADER\EWARM\ЦБУ_слейв МК
#        (2)\Obj\Core_13247989168731456611.dir\stm32f1xx_it.o"
#        "C:\Users\User\Desktop\Активные
#        проекты\CBU_F103\CBU_3_0_BOOTLOADER\EWARM\ЦБУ_слейв МК
#        (2)\Obj\STM32F1xx_HAL_Driver_9701002599162248031.dir\stm32f1xx_ll_dma.o"
#        "C:\Users\User\Desktop\Активные
#        проекты\CBU_F103\CBU_3_0_BOOTLOADER\EWARM\ЦБУ_слейв МК
#        (2)\Obj\STM32F1xx_HAL_Driver_9701002599162248031.dir\stm32f1xx_ll_exti.o"
#        "C:\Users\User\Desktop\Активные
#        проекты\CBU_F103\CBU_3_0_BOOTLOADER\EWARM\ЦБУ_слейв МК
#        (2)\Obj\STM32F1xx_HAL_Driver_9701002599162248031.dir\stm32f1xx_ll_gpio.o"
#        "C:\Users\User\Desktop\Активные
#        проекты\CBU_F103\CBU_3_0_BOOTLOADER\EWARM\ЦБУ_слейв МК
#        (2)\Obj\STM32F1xx_HAL_Driver_9701002599162248031.dir\stm32f1xx_ll_pwr.o"
#        "C:\Users\User\Desktop\Активные
#        проекты\CBU_F103\CBU_3_0_BOOTLOADER\EWARM\ЦБУ_слейв МК
#        (2)\Obj\STM32F1xx_HAL_Driver_9701002599162248031.dir\stm32f1xx_ll_rcc.o"
#        "C:\Users\User\Desktop\Активные
#        проекты\CBU_F103\CBU_3_0_BOOTLOADER\EWARM\ЦБУ_слейв МК
#        (2)\Obj\STM32F1xx_HAL_Driver_9701002599162248031.dir\stm32f1xx_ll_tim.o"
#        "C:\Users\User\Desktop\Активные
#        проекты\CBU_F103\CBU_3_0_BOOTLOADER\EWARM\ЦБУ_слейв МК
#        (2)\Obj\STM32F1xx_HAL_Driver_9701002599162248031.dir\stm32f1xx_ll_usart.o"
#        "C:\Users\User\Desktop\Активные
#        проекты\CBU_F103\CBU_3_0_BOOTLOADER\EWARM\ЦБУ_слейв МК
#        (2)\Obj\STM32F1xx_HAL_Driver_9701002599162248031.dir\stm32f1xx_ll_utils.o"
#        "C:\Users\User\Desktop\Активные
#        проекты\CBU_F103\CBU_3_0_BOOTLOADER\EWARM\ЦБУ_слейв МК
#        (2)\Obj\CMSIS_6603591812247902717.dir\system_stm32f1xx.o"
#        --no_out_extension -o "C:\Users\User\Desktop\Активные
#        проекты\CBU_F103\CBU_3_0_BOOTLOADER\EWARM\ЦБУ_слейв МК
#        (2)\Exe\ЦБУ_слейв МК (2).out" --redirect _Printf=_PrintfFullNoMb
#        --redirect _Scanf=_ScanfFullNoMb --map "C:\Users\User\Desktop\Активные
#        проекты\CBU_F103\CBU_3_0_BOOTLOADER\EWARM\ЦБУ_слейв МК
#        (2)\List\ЦБУ_слейв МК (2).map" --config
#        "C:\Users\User\Desktop\Активные
#        проекты\CBU_F103\CBU_3_0_BOOTLOADER\EWARM/stm32f103xb_flash.icf"
#        --semihosting --entry __iar_program_start --vfe --text_out locale
#        --cpu=Cortex-M3 --fpu=None) --diagnostics_format=sarif_stdout
#        --dependencies=n "C:\Users\User\Desktop\Активные
#        проекты\CBU_F103\CBU_3_0_BOOTLOADER\EWARM\ЦБУ_слейв МК
#        (2)\Exe\ЦБУ_слейв МК (2).out.iar_deps" --dynamic_output
#        "C:\Users\User\Desktop\Активные
#        проекты\CBU_F103\CBU_3_0_BOOTLOADER\EWARM\ЦБУ_слейв МК
#        (2)\Exe\ЦБУ_слейв МК (2).out.iar_dynout"
#
###############################################################################

*******************************************************************************
*** RUNTIME MODEL ATTRIBUTES
***

CppFlavor       = *
__CPP_Runtime   = 1
__SystemLibrary = DLib
__dlib_version  = 6


*******************************************************************************
*** HEAP SELECTION
***

The basic heap was selected because no calls to memory allocation
functions were found in the application outside of system library
functions, there are calls to deallocation functions in the
application, and the application appears to be primarily
optimized for speed.


*******************************************************************************
*** PLACEMENT SUMMARY
***

"A0":  place at address 0x800'0000 {  ro section .intvec };
"P1":  place in [from 0x800'0000 to 0x801'ffff] {  ro };
define block CSTACK with size = 1K, alignment = 8 { };
define block HEAP with size = 512, alignment = 8 { };
"P2":  place in [from 0x2000'0000 to 0x2000'4fff] {
           rw,  block CSTACK,  block HEAP };
initialize by copy {  rw };

  Section            Kind         Address  Alignment    Size  Object
  -------            ----         -------  ---------    ----  ------
"A0":                                                   0xec
  .intvec            ro code   0x800'0000          4    0xec  startup_stm32f103xb.o [3]
                             - 0x800'00ec               0xec

"P1":                                                 0x1c78
  .text              ro code   0x800'00ec          4  0x10cc  main.o [2]
  .text              ro code   0x800'11b8          4    0x38  mbcrc.o [2]
  .text              ro code   0x800'11f0          4    0x90  system_stm32f1xx.o [1]
  .text              ro code   0x800'1280          4    0x28  stm32f1xx_ll_utils.o [4]
  .text              ro code   0x800'12a8          4    0x66  ABImemset.o [6]
  .text              ro code   0x800'130e          2    0x2a  copy_init3.o [6]
  .text              ro code   0x800'1338          4    0x9c  stm32f1xx_ll_tim.o [4]
  .text              ro code   0x800'13d4          4    0xfc  stm32f1xx_ll_gpio.o [4]
  .text              ro code   0x800'14d0          4    0xdc  stm32f1xx_ll_usart.o [4]
  .text              ro code   0x800'15ac          4    0xfe  stm32f1xx_ll_exti.o [4]
  .text              ro code   0x800'16ac          4   0x104  stm32f1xx_ll_rcc.o [4]
  .text              ro code   0x800'17b0          4   0x20c  stm32f1xx_it.o [2]
  .rodata            const     0x800'19bc          4   0x200  mbcrc.o [2]
  .text              ro code   0x800'1bbc          2    0x38  zero_init3.o [6]
  .text              ro code   0x800'1bf4          4    0x28  data_init.o [6]
  .text              ro code   0x800'1c1c          4    0x22  cmain.o [6]
  .text              ro code   0x800'1c3e          2     0x4  low_level_init.o [5]
  .text              ro code   0x800'1c42          2     0x4  exit.o [5]
  .text              ro code   0x800'1c48          4     0x4  cexit.o [6]
  .text              ro code   0x800'1c4c          4     0xa  cexit_2.o [6]
  .text              ro code   0x800'1c58          4    0x14  exit.o [7]
  .iar.init_table    const     0x800'1c6c          4    0x24  - Linker created -
  .text              ro code   0x800'1c90          4    0x1e  cstartup_M.o [6]
  Initializer bytes  const     0x800'1cb0          4    0x14  <for P2-1>
  .text              ro code   0x800'1cc4          4    0x10  startup_stm32f103xb.o [3]
  .rodata            const     0x800'1cd4          4     0x8  system_stm32f1xx.o [1]
  .text              ro code   0x800'1cdc          2     0x4  startup_stm32f103xb.o [3]
  .text              ro code   0x800'1ce0          2     0x4  startup_stm32f103xb.o [3]
  .text              ro code   0x800'1ce4          2     0x4  startup_stm32f103xb.o [3]
  .text              ro code   0x800'1ce8          2     0x4  startup_stm32f103xb.o [3]
  .text              ro code   0x800'1cec          2     0x4  startup_stm32f103xb.o [3]
  .text              ro code   0x800'1cf0          2     0x4  startup_stm32f103xb.o [3]
  .text              ro code   0x800'1cf4          2     0x4  startup_stm32f103xb.o [3]
  .text              ro code   0x800'1cf8          2     0x4  startup_stm32f103xb.o [3]
  .text              ro code   0x800'1cfc          2     0x4  startup_stm32f103xb.o [3]
  .text              ro code   0x800'1d00          2     0x4  startup_stm32f103xb.o [3]
  .text              ro code   0x800'1d04          2     0x4  startup_stm32f103xb.o [3]
  .text              ro code   0x800'1d08          2     0x4  startup_stm32f103xb.o [3]
  .text              ro code   0x800'1d0c          2     0x4  startup_stm32f103xb.o [3]
  .text              ro code   0x800'1d10          2     0x4  startup_stm32f103xb.o [3]
  .text              ro code   0x800'1d14          2     0x4  startup_stm32f103xb.o [3]
  .text              ro code   0x800'1d18          2     0x4  startup_stm32f103xb.o [3]
  .text              ro code   0x800'1d1c          2     0x4  startup_stm32f103xb.o [3]
  .text              ro code   0x800'1d20          2     0x4  startup_stm32f103xb.o [3]
  .text              ro code   0x800'1d24          2     0x4  startup_stm32f103xb.o [3]
  .text              ro code   0x800'1d28          2     0x4  startup_stm32f103xb.o [3]
  .text              ro code   0x800'1d2c          2     0x4  startup_stm32f103xb.o [3]
  .text              ro code   0x800'1d30          2     0x4  startup_stm32f103xb.o [3]
  .text              ro code   0x800'1d34          2     0x4  startup_stm32f103xb.o [3]
  .text              ro code   0x800'1d38          2     0x4  startup_stm32f103xb.o [3]
  .text              ro code   0x800'1d3c          2     0x4  startup_stm32f103xb.o [3]
  .text              ro code   0x800'1d40          2     0x4  startup_stm32f103xb.o [3]
  .text              ro code   0x800'1d44          2     0x4  startup_stm32f103xb.o [3]
  .text              ro code   0x800'1d48          2     0x4  startup_stm32f103xb.o [3]
  .text              ro code   0x800'1d4c          2     0x4  startup_stm32f103xb.o [3]
  .text              ro code   0x800'1d50          2     0x4  startup_stm32f103xb.o [3]
  .text              ro code   0x800'1d54          2     0x4  startup_stm32f103xb.o [3]
  .text              ro code   0x800'1d58          2     0x4  startup_stm32f103xb.o [3]
  .text              ro code   0x800'1d5c          2     0x4  startup_stm32f103xb.o [3]
  .text              ro code   0x800'1d60          2     0x4  startup_stm32f103xb.o [3]
  .rodata            const     0x800'1d64                0x0  zero_init3.o [6]
  .rodata            const     0x800'1d64                0x0  copy_init3.o [6]
                             - 0x800'1d64             0x1c78

"P2", part 1 of 3:                                      0x14
  P2-1                        0x2000'0000          4    0x14  <Init block>
    .data            inited   0x2000'0000          4    0x10  main.o [2]
    .data            inited   0x2000'0010          4     0x4  system_stm32f1xx.o [1]
                            - 0x2000'0014               0x14

"P2", part 2 of 3:                                     0x464
  .bss               zero     0x2000'0014          4   0x400  main.o [2]
  .bss               zero     0x2000'0414          4    0x64  main.o [2]
                            - 0x2000'0478              0x464

"P2", part 3 of 3:                                     0x400
  CSTACK                      0x2000'0478          8   0x400  <Block>
    CSTACK           uninit   0x2000'0478              0x400  <Block tail>
                            - 0x2000'0878              0x400

Unused ranges:

         From           To      Size
         ----           --      ----
   0x800'1d64   0x801'ffff  0x1'e29c
  0x2000'0878  0x2000'4fff    0x4788


*******************************************************************************
*** INIT TABLE
***

          Address      Size
          -------      ----
Zero (__iar_zero_init3)
    1 destination range, total size 0x464:
          0x2000'0014  0x464

Copy (__iar_copy_init3)
    1 source range, total size 0x14:
           0x800'1cb0   0x14
    1 destination range, total size 0x14:
          0x2000'0000   0x14



*******************************************************************************
*** MODULE SUMMARY
***

    Module                 ro code  ro data  rw data
    ------                 -------  -------  -------
command line/config:
    ------------------------------------------------
    Total:

C:\Users\User\Desktop\Активные проекты\CBU_F103\CBU_3_0_BOOTLOADER\EWARM\ЦБУ_слейв МК (2)\Obj\CMSIS_6603591812247902717.dir: [1]
    system_stm32f1xx.o         144       12        4
    ------------------------------------------------
    Total:                     144       12        4

C:\Users\User\Desktop\Активные проекты\CBU_F103\CBU_3_0_BOOTLOADER\EWARM\ЦБУ_слейв МК (2)\Obj\Core_13247989168731456611.dir: [2]
    main.o                   4'300       16    1'140
    mbcrc.o                     56      512
    stm32f1xx_it.o             524
    ------------------------------------------------
    Total:                   4'880      528    1'140

C:\Users\User\Desktop\Активные проекты\CBU_F103\CBU_3_0_BOOTLOADER\EWARM\ЦБУ_слейв МК (2)\Obj\EWARM_18443280873093131863.dir: [3]
    startup_stm32f103xb.o      388
    ------------------------------------------------
    Total:                     388

C:\Users\User\Desktop\Активные проекты\CBU_F103\CBU_3_0_BOOTLOADER\EWARM\ЦБУ_слейв МК (2)\Obj\STM32F1xx_HAL_Driver_9701002599162248031.dir: [4]
    stm32f1xx_ll_exti.o        254
    stm32f1xx_ll_gpio.o        252
    stm32f1xx_ll_rcc.o         260
    stm32f1xx_ll_tim.o         156
    stm32f1xx_ll_usart.o       220
    stm32f1xx_ll_utils.o        40
    ------------------------------------------------
    Total:                   1'182

dl7M_tln.a: [5]
    exit.o                       4
    low_level_init.o             4
    ------------------------------------------------
    Total:                       8

rt7M_tl.a: [6]
    ABImemset.o                102
    cexit.o                      4
    cexit_2.o                   10
    cmain.o                     34
    copy_init3.o                42
    cstartup_M.o                30
    data_init.o                 40
    zero_init3.o                56
    ------------------------------------------------
    Total:                     318

shb_l.a: [7]
    exit.o                      20
    ------------------------------------------------
    Total:                      20

    Gaps                         6
    Linker created                       38    1'024
----------------------------------------------------
    Grand Total:             6'946      578    2'168


*******************************************************************************
*** ENTRY LIST
***

Entry                       Address   Size  Type      Object
-----                       -------   ----  ----      ------
.iar.init_table$$Base    0x800'1c6c          --   Gb  - Linker created -
.iar.init_table$$Limit   0x800'1c90          --   Gb  - Linker created -
?main                    0x800'1c1d         Code  Gb  cmain.o [6]
ADC1_2_IRQHandler        0x800'1d15         Code  Wk  startup_stm32f103xb.o [3]
AHBPrescTable            0x800'1270   0x10  Data  Gb  system_stm32f1xx.o [1]
APBPrescTable            0x800'1cd4    0x8  Data  Gb  system_stm32f1xx.o [1]
BusFault_Handler         0x800'188f    0x2  Code  Gb  stm32f1xx_it.o [2]
CAN1_RX1_IRQHandler      0x800'1d21         Code  Wk  startup_stm32f103xb.o [3]
CAN1_SCE_IRQHandler      0x800'1d25         Code  Wk  startup_stm32f103xb.o [3]
CHANNEL_OFFSET_TAB       0x800'0308    0x8  Data  Lc  main.o [2]
CHANNEL_OFFSET_TAB       0x800'19b4    0x8  Data  Lc  stm32f1xx_it.o [2]
CSTACK$$Base            0x2000'0478          --   Gb  - Linker created -
CSTACK$$Limit           0x2000'0878          --   Gb  - Linker created -
DMA1_Channel1_IRQHandler
                         0x800'1d01         Code  Wk  startup_stm32f103xb.o [3]
DMA1_Channel2_IRQHandler
                         0x800'1d05         Code  Wk  startup_stm32f103xb.o [3]
DMA1_Channel3_IRQHandler
                         0x800'1d09         Code  Wk  startup_stm32f103xb.o [3]
DMA1_Channel4_IRQHandler
                         0x800'1d0d         Code  Wk  startup_stm32f103xb.o [3]
DMA1_Channel5_IRQHandler
                         0x800'1d11         Code  Wk  startup_stm32f103xb.o [3]
DMA1_Channel6_IRQHandler
                         0x800'18d7    0x2  Code  Gb  stm32f1xx_it.o [2]
DMA1_Channel7_IRQHandler
                         0x800'18d9    0x2  Code  Gb  stm32f1xx_it.o [2]
DebugMon_Handler         0x800'1895    0x2  Code  Gb  stm32f1xx_it.o [2]
ERROR_handler            0x800'08e5   0x3a  Code  Gb  main.o [2]
EXTI0_IRQHandler         0x800'18ab   0x16  Code  Gb  stm32f1xx_it.o [2]
EXTI15_10_IRQHandler     0x800'1985   0x2e  Code  Gb  stm32f1xx_it.o [2]
EXTI1_IRQHandler         0x800'18c1   0x16  Code  Gb  stm32f1xx_it.o [2]
EXTI2_IRQHandler         0x800'1cf5         Code  Wk  startup_stm32f103xb.o [3]
EXTI3_IRQHandler         0x800'1cf9         Code  Wk  startup_stm32f103xb.o [3]
EXTI4_IRQHandler         0x800'1cfd         Code  Wk  startup_stm32f103xb.o [3]
EXTI9_5_IRQHandler       0x800'18db   0x1a  Code  Gb  stm32f1xx_it.o [2]
FLASH_IRQHandler         0x800'1ced         Code  Wk  startup_stm32f103xb.o [3]
FW_CalcCrc_ExcludeTail2
                         0x800'07ef    0xc  Code  Gb  main.o [2]
Flash_ErasePage          0x800'0625   0x4e  Code  Lc  main.o [2]
Flash_PreservePageExceptOS
                         0x800'06b7   0x46  Code  Gb  main.o [2]
Flash_ProgramPageFromBuf
                         0x800'0673   0x44  Code  Lc  main.o [2]
Flash_ReadPageToBuf      0x800'0609   0x1c  Code  Lc  main.o [2]
HardFault_Handler        0x800'188b    0x2  Code  Gb  stm32f1xx_it.o [2]
I2C1_ER_IRQHandler       0x800'1d41         Code  Wk  startup_stm32f103xb.o [3]
I2C1_EV_IRQHandler       0x800'1d3d         Code  Wk  startup_stm32f103xb.o [3]
I2C2_ER_IRQHandler       0x800'1d49         Code  Wk  startup_stm32f103xb.o [3]
I2C2_EV_IRQHandler       0x800'1d45         Code  Wk  startup_stm32f103xb.o [3]
ID_1                    0x2000'0000    0x1  Data  Gb  main.o [2]
JumpToApp                0x800'058f   0x6e  Code  Gb  main.o [2]
LL_AHB1_GRP1_DisableClock
                         0x800'03c3    0xe  Code  Lc  main.o [2]
LL_AHB1_GRP1_EnableClock
                         0x800'03ab   0x18  Code  Lc  main.o [2]
LL_APB1_GRP1_EnableClock
                         0x800'03d1   0x18  Code  Lc  main.o [2]
LL_APB1_GRP1_ForceReset
                         0x800'03e9    0xc  Code  Lc  main.o [2]
LL_APB1_GRP1_ReleaseReset
                         0x800'03f5    0xe  Code  Lc  main.o [2]
LL_APB2_GRP1_EnableClock
                         0x800'0403   0x18  Code  Lc  main.o [2]
LL_DMA_DisableChannel    0x800'0215   0x14  Code  Lc  main.o [2]
LL_DMA_DisableChannel    0x800'17c5   0x14  Code  Lc  stm32f1xx_it.o [2]
LL_DMA_EnableChannel     0x800'0201   0x14  Code  Lc  main.o [2]
LL_DMA_EnableChannel     0x800'17b1   0x14  Code  Lc  stm32f1xx_it.o [2]
LL_DMA_GetDataLength     0x800'17f1   0x10  Code  Lc  stm32f1xx_it.o [2]
LL_DMA_SetChannelPriorityLevel
                         0x800'02b9   0x16  Code  Lc  main.o [2]
LL_DMA_SetDataLength     0x800'02d1   0x16  Code  Lc  main.o [2]
LL_DMA_SetDataLength     0x800'17d9   0x16  Code  Lc  stm32f1xx_it.o [2]
LL_DMA_SetDataTransferDirection
                         0x800'0229   0x18  Code  Lc  main.o [2]
LL_DMA_SetMemoryAddress
                         0x800'02e9    0xe  Code  Lc  main.o [2]
LL_DMA_SetMemoryIncMode
                         0x800'0271   0x16  Code  Lc  main.o [2]
LL_DMA_SetMemorySize     0x800'02a1   0x16  Code  Lc  main.o [2]
LL_DMA_SetMode           0x800'0241   0x16  Code  Lc  main.o [2]
LL_DMA_SetPeriphAddress
                         0x800'02f9    0xe  Code  Lc  main.o [2]
LL_DMA_SetPeriphIncMode
                         0x800'0259   0x16  Code  Lc  main.o [2]
LL_DMA_SetPeriphSize     0x800'0289   0x16  Code  Lc  main.o [2]
LL_EXTI_ClearFlag_0_31   0x800'1813    0x6  Code  Lc  stm32f1xx_it.o [2]
LL_EXTI_DisableEvent_0_31
                         0x800'15cd    0xc  Code  Lc  stm32f1xx_ll_exti.o [4]
LL_EXTI_DisableFallingTrig_0_31
                         0x800'15f9    0xc  Code  Lc  stm32f1xx_ll_exti.o [4]
LL_EXTI_DisableIT_0_31   0x800'15b7    0xc  Code  Lc  stm32f1xx_ll_exti.o [4]
LL_EXTI_DisableRisingTrig_0_31
                         0x800'15e3    0xc  Code  Lc  stm32f1xx_ll_exti.o [4]
LL_EXTI_EnableEvent_0_31
                         0x800'15c3    0xa  Code  Lc  stm32f1xx_ll_exti.o [4]
LL_EXTI_EnableFallingTrig_0_31
                         0x800'15ef    0xa  Code  Lc  stm32f1xx_ll_exti.o [4]
LL_EXTI_EnableIT_0_31    0x800'15ad    0xa  Code  Lc  stm32f1xx_ll_exti.o [4]
LL_EXTI_EnableRisingTrig_0_31
                         0x800'15d9    0xa  Code  Lc  stm32f1xx_ll_exti.o [4]
LL_EXTI_Init             0x800'1615   0x96  Code  Gb  stm32f1xx_ll_exti.o [4]
LL_EXTI_IsActiveFlag_0_31
                         0x800'1801   0x12  Code  Lc  stm32f1xx_it.o [2]
LL_FLASH_GetLatency      0x800'042b    0xc  Code  Lc  main.o [2]
LL_FLASH_SetLatency      0x800'041b   0x10  Code  Lc  main.o [2]
LL_GPIO_AF_Remap_SWJ_NOJTAG
                         0x800'0559   0x10  Code  Lc  main.o [2]
LL_GPIO_AF_SetEXTISource
                         0x800'0569   0x26  Code  Lc  main.o [2]
LL_GPIO_Init             0x800'1451   0x80  Code  Gb  stm32f1xx_ll_gpio.o [4]
LL_GPIO_ResetOutputPin   0x800'0551    0x8  Code  Lc  main.o [2]
LL_GPIO_SetOutputPin     0x800'0549    0x8  Code  Lc  main.o [2]
LL_GPIO_SetPinMode       0x800'0527   0x22  Code  Lc  main.o [2]
LL_GPIO_SetPinMode       0x800'13d5   0x22  Code  Lc  stm32f1xx_ll_gpio.o [4]
LL_GPIO_SetPinOutputType
                         0x800'1419   0x22  Code  Lc  stm32f1xx_ll_gpio.o [4]
LL_GPIO_SetPinPull       0x800'143b   0x16  Code  Lc  stm32f1xx_ll_gpio.o [4]
LL_GPIO_SetPinSpeed      0x800'13f7   0x22  Code  Lc  stm32f1xx_ll_gpio.o [4]
LL_Init1msTick           0x800'1295    0x6  Code  Gb  stm32f1xx_ll_utils.o [4]
LL_InitTick              0x800'1281   0x14  Code  Lc  stm32f1xx_ll_utils.o [4]
LL_RCC_GetAHBPrescaler   0x800'16b7    0xa  Code  Lc  stm32f1xx_ll_rcc.o [4]
LL_RCC_GetAPB1Prescaler
                         0x800'16c1    0xa  Code  Lc  stm32f1xx_ll_rcc.o [4]
LL_RCC_GetAPB2Prescaler
                         0x800'16cb    0xa  Code  Lc  stm32f1xx_ll_rcc.o [4]
LL_RCC_GetSysClkSource   0x800'033d    0xc  Code  Lc  main.o [2]
LL_RCC_GetSysClkSource   0x800'16ad    0xa  Code  Lc  stm32f1xx_ll_rcc.o [4]
LL_RCC_GetSystemClocksFreq
                         0x800'16f3   0x20  Code  Gb  stm32f1xx_ll_rcc.o [4]
LL_RCC_HSE_Enable        0x800'0311    0xe  Code  Lc  main.o [2]
LL_RCC_HSE_IsReady       0x800'031f    0xe  Code  Lc  main.o [2]
LL_RCC_PLL_ConfigDomain_SYS
                         0x800'0395   0x16  Code  Lc  main.o [2]
LL_RCC_PLL_Enable        0x800'0379    0xe  Code  Lc  main.o [2]
LL_RCC_PLL_GetMainSource
                         0x800'16d5    0xa  Code  Lc  stm32f1xx_ll_rcc.o [4]
LL_RCC_PLL_GetMultiplicator
                         0x800'16df    0xa  Code  Lc  stm32f1xx_ll_rcc.o [4]
LL_RCC_PLL_GetPrediv     0x800'16e9    0xa  Code  Lc  stm32f1xx_ll_rcc.o [4]
LL_RCC_PLL_IsReady       0x800'0387    0xe  Code  Lc  main.o [2]
LL_RCC_SetAHBPrescaler   0x800'0349   0x10  Code  Lc  main.o [2]
LL_RCC_SetAPB1Prescaler
                         0x800'0359   0x10  Code  Lc  main.o [2]
LL_RCC_SetAPB2Prescaler
                         0x800'0369   0x10  Code  Lc  main.o [2]
LL_RCC_SetSysClkSource   0x800'032d   0x10  Code  Lc  main.o [2]
LL_SetSystemCoreClock    0x800'129b    0x6  Code  Gb  stm32f1xx_ll_utils.o [4]
LL_TIM_DisableARRPreload
                         0x800'0437    0xa  Code  Lc  main.o [2]
LL_TIM_DisableMasterSlaveMode
                         0x800'045b    0xa  Code  Lc  main.o [2]
LL_TIM_GenerateEvent_UPDATE
                         0x800'1345    0xa  Code  Lc  stm32f1xx_ll_tim.o [4]
LL_TIM_Init              0x800'134f   0x78  Code  Gb  stm32f1xx_ll_tim.o [4]
LL_TIM_SetAutoReload     0x800'133d    0x4  Code  Lc  stm32f1xx_ll_tim.o [4]
LL_TIM_SetClockSource    0x800'0441    0xe  Code  Lc  main.o [2]
LL_TIM_SetPrescaler      0x800'1339    0x4  Code  Lc  stm32f1xx_ll_tim.o [4]
LL_TIM_SetRepetitionCounter
                         0x800'1341    0x4  Code  Lc  stm32f1xx_ll_tim.o [4]
LL_TIM_SetTriggerOutput
                         0x800'044f    0xc  Code  Lc  main.o [2]
LL_USART_ClearFlag_FE    0x800'049f   0x12  Code  Lc  main.o [2]
LL_USART_ClearFlag_FE    0x800'1841   0x12  Code  Lc  stm32f1xx_it.o [2]
LL_USART_ClearFlag_IDLE
                         0x800'04d5   0x12  Code  Lc  main.o [2]
LL_USART_ClearFlag_IDLE
                         0x800'1877   0x12  Code  Lc  stm32f1xx_it.o [2]
LL_USART_ClearFlag_NE    0x800'04b1   0x12  Code  Lc  main.o [2]
LL_USART_ClearFlag_NE    0x800'1853   0x12  Code  Lc  stm32f1xx_it.o [2]
LL_USART_ClearFlag_ORE   0x800'04c3   0x12  Code  Lc  main.o [2]
LL_USART_ClearFlag_ORE   0x800'1865   0x12  Code  Lc  stm32f1xx_it.o [2]
LL_USART_ClearFlag_TC    0x800'04e7    0x8  Code  Lc  main.o [2]
LL_USART_ConfigAsyncMode
                         0x800'0479   0x12  Code  Lc  main.o [2]
LL_USART_Disable         0x800'046f    0xa  Code  Lc  main.o [2]
LL_USART_Enable          0x800'0465    0xa  Code  Lc  main.o [2]
LL_USART_EnableDMAReq_RX
                         0x800'0509   0x1a  Code  Lc  main.o [2]
LL_USART_EnableIT_IDLE   0x800'04ef   0x1a  Code  Lc  main.o [2]
LL_USART_Init            0x800'1529   0x74  Code  Gb  stm32f1xx_ll_usart.o [4]
LL_USART_IsActiveFlag_FE
                         0x800'1819    0xa  Code  Lc  stm32f1xx_it.o [2]
LL_USART_IsActiveFlag_IDLE
                         0x800'1837    0xa  Code  Lc  stm32f1xx_it.o [2]
LL_USART_IsActiveFlag_NE
                         0x800'1823    0xa  Code  Lc  stm32f1xx_it.o [2]
LL_USART_IsActiveFlag_ORE
                         0x800'182d    0xa  Code  Lc  stm32f1xx_it.o [2]
LL_USART_IsActiveFlag_TC
                         0x800'048b    0xa  Code  Lc  main.o [2]
LL_USART_IsActiveFlag_TXE
                         0x800'0495    0xa  Code  Lc  main.o [2]
LL_USART_IsEnabled       0x800'14d1    0xa  Code  Lc  stm32f1xx_ll_usart.o [4]
LL_USART_SetBaudRate     0x800'14f3   0x36  Code  Lc  stm32f1xx_ll_usart.o [4]
LL_USART_SetHWFlowCtrl   0x800'14e7    0xc  Code  Lc  stm32f1xx_ll_usart.o [4]
LL_USART_SetStopBitsLength
                         0x800'14db    0xc  Code  Lc  stm32f1xx_ll_usart.o [4]
LL_USART_TransmitData8   0x800'0523    0x4  Code  Lc  main.o [2]
MX_DMA_Init              0x800'0e45   0x40  Code  Lc  main.o [2]
MX_GPIO_Init             0x800'0e85  0x28c  Code  Lc  main.o [2]
MX_TIM1_Init             0x800'0bfb   0x72  Code  Lc  main.o [2]
MX_TIM2_Init             0x800'0c75   0x74  Code  Lc  main.o [2]
MX_USART2_UART_Init      0x800'0ce9  0x132  Code  Lc  main.o [2]
MY_UARTEx_RxEventCallback
                         0x800'091f   0x5e  Code  Gb  main.o [2]
MemManage_Handler        0x800'188d    0x2  Code  Gb  stm32f1xx_it.o [2]
NMI_Handler              0x800'1889    0x2  Code  Gb  stm32f1xx_it.o [2]
NVIC_EncodePriority      0x800'017d   0x36  Code  Lc  main.o [2]
OS_usave_packet          0x800'07fb   0xea  Code  Gb  main.o [2]
PVD_IRQHandler           0x800'1ce1         Code  Wk  startup_stm32f103xb.o [3]
PendSV_Handler           0x800'1897    0x2  Code  Gb  stm32f1xx_it.o [2]
RCC_GetHCLKClockFreq     0x800'1731   0x16  Code  Gb  stm32f1xx_ll_rcc.o [4]
RCC_GetPCLK1ClockFreq    0x800'1747   0x14  Code  Gb  stm32f1xx_ll_rcc.o [4]
RCC_GetPCLK2ClockFreq    0x800'175b   0x14  Code  Gb  stm32f1xx_ll_rcc.o [4]
RCC_GetSystemClockFreq   0x800'1713   0x1e  Code  Gb  stm32f1xx_ll_rcc.o [4]
RCC_IRQHandler           0x800'1cf1         Code  Wk  startup_stm32f103xb.o [3]
RCC_PLL_GetFreqDomain_SYS
                         0x800'176f   0x2a  Code  Gb  stm32f1xx_ll_rcc.o [4]
RTC_Alarm_IRQHandler     0x800'1d5d         Code  Wk  startup_stm32f103xb.o [3]
RTC_IRQHandler           0x800'1ce9         Code  Wk  startup_stm32f103xb.o [3]
Region$$Table$$Base      0x800'1c6c          --   Gb  - Linker created -
Region$$Table$$Limit     0x800'1c90          --   Gb  - Linker created -
Reset_Handler            0x800'1cc5         Code  Wk  startup_stm32f103xb.o [3]
SPI1_IRQHandler          0x800'1d4d         Code  Wk  startup_stm32f103xb.o [3]
SPI2_IRQHandler          0x800'1d51         Code  Wk  startup_stm32f103xb.o [3]
SVC_Handler              0x800'1893    0x2  Code  Gb  stm32f1xx_it.o [2]
SwitchToReceive          0x800'09f3   0x56  Code  Gb  main.o [2]
SysTick_Config           0x800'01d1   0x30  Code  Lc  main.o [2]
SysTick_Handler          0x800'1899   0x12  Code  Gb  stm32f1xx_it.o [2]
SystemClock_Config       0x800'0b91   0x6a  Code  Gb  main.o [2]
SystemCoreClock         0x2000'0010    0x4  Data  Gb  system_stm32f1xx.o [1]
SystemCoreClockUpdate    0x800'11f5   0x62  Code  Gb  system_stm32f1xx.o [1]
SystemInit               0x800'11f1    0x2  Code  Gb  system_stm32f1xx.o [1]
TAMPER_IRQHandler        0x800'1ce5         Code  Wk  startup_stm32f103xb.o [3]
TIM1_BRK_IRQHandler      0x800'1d29         Code  Wk  startup_stm32f103xb.o [3]
TIM1_CC_IRQHandler       0x800'1d31         Code  Wk  startup_stm32f103xb.o [3]
TIM1_TRG_COM_IRQHandler
                         0x800'1d2d         Code  Wk  startup_stm32f103xb.o [3]
TIM1_UP_IRQHandler       0x800'18f5    0x2  Code  Gb  stm32f1xx_it.o [2]
TIM2_IRQHandler          0x800'18f7    0x2  Code  Gb  stm32f1xx_it.o [2]
TIM3_IRQHandler          0x800'1d35         Code  Wk  startup_stm32f103xb.o [3]
TIM4_IRQHandler          0x800'1d39         Code  Wk  startup_stm32f103xb.o [3]
USART1_IRQHandler        0x800'1d55         Code  Wk  startup_stm32f103xb.o [3]
USART2_IRQHandler        0x800'18f9   0x7c  Code  Gb  stm32f1xx_it.o [2]
USART3_IRQHandler        0x800'1d59         Code  Wk  startup_stm32f103xb.o [3]
USBWakeUp_IRQHandler     0x800'1d61         Code  Wk  startup_stm32f103xb.o [3]
USB_HP_CAN1_TX_IRQHandler
                         0x800'1d19         Code  Wk  startup_stm32f103xb.o [3]
USB_LP_CAN1_RX0_IRQHandler
                         0x800'1d1d         Code  Wk  startup_stm32f103xb.o [3]
Update                   0x800'097d   0x76  Code  Gb  main.o [2]
UsageFault_Handler       0x800'1891    0x2  Code  Gb  stm32f1xx_it.o [2]
WWDG_IRQHandler          0x800'1cdd         Code  Wk  startup_stm32f103xb.o [3]
__NVIC_ClearPendingIRQ   0x800'0147   0x18  Code  Lc  main.o [2]
__NVIC_DisableIRQ        0x800'0127   0x20  Code  Lc  main.o [2]
__NVIC_EnableIRQ         0x800'010f   0x18  Code  Lc  main.o [2]
__NVIC_GetPriorityGrouping
                         0x800'0103    0xc  Code  Lc  main.o [2]
__NVIC_SetPriority       0x800'015f   0x1e  Code  Lc  main.o [2]
__NVIC_SetPriorityGrouping
                         0x800'00ed   0x16  Code  Lc  main.o [2]
__NVIC_SystemReset       0x800'01b3   0x1e  Code  Lc  main.o [2]
__aeabi_memset           0x800'12a9         Code  Gb  ABImemset.o [6]
__cmain                  0x800'1c1d         Code  Gb  cmain.o [6]
__exit                   0x800'1c59   0x14  Code  Gb  exit.o [7]
__iar_Memset             0x800'12a9         Code  Gb  ABImemset.o [6]
__iar_Memset_word        0x800'12b1         Code  Gb  ABImemset.o [6]
__iar_copy_init3         0x800'130f   0x2a  Code  Gb  copy_init3.o [6]
__iar_data_init3         0x800'1bf5   0x28  Code  Gb  data_init.o [6]
__iar_program_start      0x800'1c91         Code  Gb  cstartup_M.o [6]
__iar_zero_init3         0x800'1bbd   0x38  Code  Gb  zero_init3.o [6]
__low_level_init         0x800'1c3f    0x4  Code  Gb  low_level_init.o [5]
__vector_table           0x800'0000         Data  Gb  startup_stm32f103xb.o [3]
_call_main               0x800'1c29         Code  Gb  cmain.o [6]
_exit                    0x800'1c49         Code  Gb  cexit.o [6]
_exit_2                  0x800'1c4d         Code  Gb  cexit_2.o [6]
crc16table               0x800'19bc  0x200  Data  Lc  mbcrc.o [2]
exit                     0x800'1c43    0x4  Code  Gb  exit.o [5]
flash_lock               0x800'0715    0xe  Code  Lc  main.o [2]
flash_program_halfword   0x800'0723   0x40  Code  Lc  main.o [2]
flash_unlock             0x800'06fd   0x18  Code  Lc  main.o [2]
flash_write_addr        0x2000'000c    0x4  Data  Lc  main.o [2]
main                     0x800'0a49  0x148  Code  Gb  main.o [2]
mbcrc                    0x800'11b9   0x38  Code  Gb  mbcrc.o [2]
number                  0x2000'0002    0x2  Data  Gb  main.o [2]
receive_buf             0x2000'0414   0x64  Data  Gb  main.o [2]
s_pageBuf               0x2000'0014  0x400  Data  Lc  main.o [2]
send_ack                 0x800'07b3   0x3c  Code  Lc  main.o [2]
swap_bytes16             0x800'05fd    0xc  Code  Lc  main.o [2]
tick                    0x2000'0008    0x4  Data  Gb  main.o [2]
time_x                  0x2000'0004    0x2  Data  Gb  main.o [2]
uart_tx                  0x800'0763   0x50  Code  Lc  main.o [2]


[1] = C:\Users\User\Desktop\Активные проекты\CBU_F103\CBU_3_0_BOOTLOADER\EWARM\ЦБУ_слейв МК (2)\Obj\CMSIS_6603591812247902717.dir
[2] = C:\Users\User\Desktop\Активные проекты\CBU_F103\CBU_3_0_BOOTLOADER\EWARM\ЦБУ_слейв МК (2)\Obj\Core_13247989168731456611.dir
[3] = C:\Users\User\Desktop\Активные проекты\CBU_F103\CBU_3_0_BOOTLOADER\EWARM\ЦБУ_слейв МК (2)\Obj\EWARM_18443280873093131863.dir
[4] = C:\Users\User\Desktop\Активные проекты\CBU_F103\CBU_3_0_BOOTLOADER\EWARM\ЦБУ_слейв МК (2)\Obj\STM32F1xx_HAL_Driver_9701002599162248031.dir
[5] = dl7M_tln.a
[6] = rt7M_tl.a
[7] = shb_l.a

  6'946 bytes of readonly  code memory
    578 bytes of readonly  data memory
  2'168 bytes of readwrite data memory

Errors: none
Warnings: none
